C:\Users\jamal\OneDrive\Desktop\tkinter\button_with color.py
C:\Users\jamal\OneDrive\Desktop\tkinter\simple button.py
C:\Users\jamal\OneDrive\Desktop\tkinter\place method.py
C:\Users\jamal\OneDrive\Desktop\tkinter\grid method.py
C:\Users\jamal\OneDrive\Desktop\tkinter\pack method.py
C:\Users\jamal\OneDrive\Desktop\python program\oops\multithreading\program to implement multi-threading.py
C:\Users\jamal\OneDrive\Desktop\python program\oops\multithreading\count of number of even.py
C:\Users\jamal\OneDrive\Desktop\python program\oops\multithreading\synchronized threads by locking mechanism.py
C:\Users\jamal\OneDrive\Desktop\python program\oops\multithreading\create a thread using threading module.py
C:\Users\jamal\OneDrive\Desktop\python program\oops\exception handling\program to delibrately raise an exception.py
C:\Users\jamal\OneDrive\Desktop\python program\oops\exception handling\program to handle the divide by zero exception...py
C:\Users\jamal\OneDrive\Desktop\python program\oops\exception handling\except clause handling multiple exceptions.py
C:\Users\jamal\OneDrive\Desktop\python program\oops\exception handling\program with multiple except blocks.py
C:\Users\jamal\OneDrive\Desktop\python program\oops\operator overloading\+ operator overloading.py
C:\Users\jamal\OneDrive\Desktop\python program\oops\operator overloading\pow operator overloading.py
C:\Users\jamal\OneDrive\Desktop\python program\oops\operator overloading\compare two objects.py
C:\Users\jamal\OneDrive\Desktop\python program\oops\operator overloading\overload + operator on a class Student.py
C:\Users\jamal\OneDrive\Desktop\python program\oops\operator overloading\overload + operator to add two object of class matrix.py
C:\Users\jamal\OneDrive\Desktop\python program\oops\operator overloading\- operator overloading.py
C:\Users\jamal\OneDrive\Desktop\python program\oops\inheritance\hybrid inheritance\sqrt_smalleR_evodd_greatest.py
C:\Users\jamal\OneDrive\Desktop\python program\oops\inheritance\hierarchial inheritance\add_sub_mul.py
